
  .   ____          _            __ _ _
 /\\ / ___'_ __ _ _(_)_ __  __ _ \ \ \ \
( ( )\___ | '_ | '_| | '_ \/ _` | \ \ \ \
 \\/  ___)| |_)| | | | | || (_| |  ) ) ) )
  '  |____| .__|_| |_|_| |_\__, | / / / /
 =========|_|==============|___/=/_/_/_/

 :: Spring Boot ::                (v3.3.5)

2026-05-01T11:39:46.724+09:00  INFO 23520 --- [starline-backend] [           main] com.starline.StarlineApplication         : Starting StarlineApplication v0.0.1-SNAPSHOT using Java 17.0.17 with PID 23520 (D:\GitçÏã∆\ceres-app-starline\backend\target\backend-0.0.1-SNAPSHOT.jar started by user in D:\GitçÏã∆\ceres-app-starline\backend)
2026-05-01T11:39:46.750+09:00  INFO 23520 --- [starline-backend] [           main] com.starline.StarlineApplication         : No active profile set, falling back to 1 default profile: "default"
2026-05-01T11:39:48.132+09:00  INFO 23520 --- [starline-backend] [           main] .s.d.r.c.RepositoryConfigurationDelegate : Bootstrapping Spring Data JPA repositories in DEFAULT mode.
2026-05-01T11:39:48.237+09:00  INFO 23520 --- [starline-backend] [           main] .s.d.r.c.RepositoryConfigurationDelegate : Finished Spring Data repository scanning in 87 ms. Found 4 JPA repository interfaces.
2026-05-01T11:39:49.332+09:00  INFO 23520 --- [starline-backend] [           main] o.s.b.w.embedded.tomcat.TomcatWebServer  : Tomcat initialized with port 8080 (http)
2026-05-01T11:39:49.352+09:00  INFO 23520 --- [starline-backend] [           main] o.apache.catalina.core.StandardService   : Starting service [Tomcat]
2026-05-01T11:39:49.353+09:00  INFO 23520 --- [starline-backend] [           main] o.apache.catalina.core.StandardEngine    : Starting Servlet engine: [Apache Tomcat/10.1.31]
2026-05-01T11:39:49.427+09:00  INFO 23520 --- [starline-backend] [           main] o.a.c.c.C.[Tomcat].[localhost].[/]       : Initializing Spring embedded WebApplicationContext
2026-05-01T11:39:49.429+09:00  INFO 23520 --- [starline-backend] [           main] w.s.c.ServletWebServerApplicationContext : Root WebApplicationContext: initialization completed in 2585 ms
2026-05-01T11:39:49.845+09:00  INFO 23520 --- [starline-backend] [           main] o.hibernate.jpa.internal.util.LogHelper  : HHH000204: Processing PersistenceUnitInfo [name: default]
2026-05-01T11:39:49.955+09:00  INFO 23520 --- [starline-backend] [           main] org.hibernate.Version                    : HHH000412: Hibernate ORM core version 6.5.3.Final
2026-05-01T11:39:50.040+09:00  INFO 23520 --- [starline-backend] [           main] o.h.c.internal.RegionFactoryInitiator    : HHH000026: Second-level cache disabled
2026-05-01T11:39:50.934+09:00  INFO 23520 --- [starline-backend] [           main] o.s.o.j.p.SpringPersistenceUnitInfo      : No LoadTimeWeaver setup: ignoring JPA class transformer
2026-05-01T11:39:50.989+09:00  INFO 23520 --- [starline-backend] [           main] com.zaxxer.hikari.HikariDataSource       : HikariPool-1 - Starting...
2026-05-01T11:39:51.435+09:00  INFO 23520 --- [starline-backend] [           main] com.zaxxer.hikari.pool.HikariPool        : HikariPool-1 - Added connection org.postgresql.jdbc.PgConnection@456aa471
2026-05-01T11:39:51.438+09:00  INFO 23520 --- [starline-backend] [           main] com.zaxxer.hikari.HikariDataSource       : HikariPool-1 - Start completed.
2026-05-01T11:39:53.523+09:00  INFO 23520 --- [starline-backend] [           main] o.h.e.t.j.p.i.JtaPlatformInitiator       : HHH000489: No JTA platform available (set 'hibernate.transaction.jta.platform' to enable JTA platform integration)
2026-05-01T11:39:53.622+09:00  INFO 23520 --- [starline-backend] [           main] j.LocalContainerEntityManagerFactoryBean : Initialized JPA EntityManagerFactory for persistence unit 'default'
2026-05-01T11:39:55.206+09:00  INFO 23520 --- [starline-backend] [           main] o.s.b.w.embedded.tomcat.TomcatWebServer  : Tomcat started on port 8080 (http) with context path '/'
2026-05-01T11:39:55.225+09:00  INFO 23520 --- [starline-backend] [           main] com.starline.StarlineApplication         : Started StarlineApplication in 9.45 seconds (process running for 10.416)
2026-05-01T11:40:06.608+09:00  INFO 23520 --- [starline-backend] [nio-8080-exec-5] o.a.c.c.C.[Tomcat].[localhost].[/]       : Initializing Spring DispatcherServlet 'dispatcherServlet'
2026-05-01T11:40:06.611+09:00  INFO 23520 --- [starline-backend] [nio-8080-exec-5] o.s.web.servlet.DispatcherServlet        : Initializing Servlet 'dispatcherServlet'
2026-05-01T11:40:06.613+09:00  INFO 23520 --- [starline-backend] [nio-8080-exec-5] o.s.web.servlet.DispatcherServlet        : Completed initialization in 1 ms
