[2m19:53:45[22m [31m[1m[vite][22m[39m [31mInternal server error: Failed to resolve import "react-router-dom" from "src/screens/HomeScreen.tsx". Does the file exist?[39m
  Plugin: [35mvite:import-analysis[39m
  File: [36mD:/Git作業/ceres-app-starline/frontend/src/screens/HomeScreen.tsx[39m:3:28
[33m  18 |  import { useEffect, useState } from "react";
  19 |  import { CircleMenu } from "../components/CircleMenu";
  20 |  import { useNavigate } from "react-router-dom";
     |                               ^
  21 |  import {
  22 |    getSkyCheckStatus,[39m
      at TransformPluginContext._formatLog (file:///D:/Git%E4%BD%9C%E6%A5%AD/ceres-app-starline/frontend/node_modules/vite/dist/node/chunks/dep-Dq2t6Dq0.js:42553:41)
      at TransformPluginContext.error (file:///D:/Git%E4%BD%9C%E6%A5%AD/ceres-app-starline/frontend/node_modules/vite/dist/node/chunks/dep-Dq2t6Dq0.js:42550:16)
      at normalizeUrl (file:///D:/Git%E4%BD%9C%E6%A5%AD/ceres-app-starline/frontend/node_modules/vite/dist/node/chunks/dep-Dq2t6Dq0.js:40529:23)
      at process.processTicksAndRejections (node:internal/process/task_queues:104:5)
      at async file:///D:/Git%E4%BD%9C%E6%A5%AD/ceres-app-starline/frontend/node_modules/vite/dist/node/chunks/dep-Dq2t6Dq0.js:40648:37
      at async Promise.all (index 5)
      at async TransformPluginContext.transform (file:///D:/Git%E4%BD%9C%E6%A5%AD/ceres-app-starline/frontend/node_modules/vite/dist/node/chunks/dep-Dq2t6Dq0.js:40575:7)
      at async EnvironmentPluginContainer.transform (file:///D:/Git%E4%BD%9C%E6%A5%AD/ceres-app-starline/frontend/node_modules/vite/dist/node/chunks/dep-Dq2t6Dq0.js:42348:18)
      at async loadAndTransform (file:///D:/Git%E4%BD%9C%E6%A5%AD/ceres-app-starline/frontend/node_modules/vite/dist/node/chunks/dep-Dq2t6Dq0.js:35740:27)
      at async viteTransformMiddleware (file:///D:/Git%E4%BD%9C%E6%A5%AD/ceres-app-starline/frontend/node_modules/vite/dist/node/chunks/dep-Dq2t6Dq0.js:37264:24)
[2m19:53:45[22m [31m[1m[vite][22m[39m [31mInternal server error: Failed to resolve import "react-router-dom" from "src/screens/HomeScreen.tsx". Does the file exist?[39m
  Plugin: [35mvite:import-analysis[39m
  File: [36mD:/Git作業/ceres-app-starline/frontend/src/screens/HomeScreen.tsx[39m:3:28
[33m  18 |  import { useEffect, useState } from "react";
  19 |  import { CircleMenu } from "../components/CircleMenu";
  20 |  import { useNavigate } from "react-router-dom";
     |                               ^
  21 |  import {
  22 |    getSkyCheckStatus,[39m
      at TransformPluginContext._formatLog (file:///D:/Git%E4%BD%9C%E6%A5%AD/ceres-app-starline/frontend/node_modules/vite/dist/node/chunks/dep-Dq2t6Dq0.js:42553:41)
      at TransformPluginContext.error (file:///D:/Git%E4%BD%9C%E6%A5%AD/ceres-app-starline/frontend/node_modules/vite/dist/node/chunks/dep-Dq2t6Dq0.js:42550:16)
      at normalizeUrl (file:///D:/Git%E4%BD%9C%E6%A5%AD/ceres-app-starline/frontend/node_modules/vite/dist/node/chunks/dep-Dq2t6Dq0.js:40529:23)
      at process.processTicksAndRejections (node:internal/process/task_queues:104:5)
      at async file:///D:/Git%E4%BD%9C%E6%A5%AD/ceres-app-starline/frontend/node_modules/vite/dist/node/chunks/dep-Dq2t6Dq0.js:40648:37
      at async Promise.all (index 5)
      at async TransformPluginContext.transform (file:///D:/Git%E4%BD%9C%E6%A5%AD/ceres-app-starline/frontend/node_modules/vite/dist/node/chunks/dep-Dq2t6Dq0.js:40575:7)
      at async EnvironmentPluginContainer.transform (file:///D:/Git%E4%BD%9C%E6%A5%AD/ceres-app-starline/frontend/node_modules/vite/dist/node/chunks/dep-Dq2t6Dq0.js:42348:18)
      at async loadAndTransform (file:///D:/Git%E4%BD%9C%E6%A5%AD/ceres-app-starline/frontend/node_modules/vite/dist/node/chunks/dep-Dq2t6Dq0.js:35740:27)
      at async viteTransformMiddleware (file:///D:/Git%E4%BD%9C%E6%A5%AD/ceres-app-starline/frontend/node_modules/vite/dist/node/chunks/dep-Dq2t6Dq0.js:37264:24)
[2m19:53:47[22m [31m[1m[vite][22m[39m [31m[2m(client)[22m[39m Pre-transform error: Failed to resolve import "react-router-dom" from "src/screens/HomeScreen.tsx". Does the file exist?
  Plugin: [35mvite:import-analysis[39m
  File: [36mD:/Git作業/ceres-app-starline/frontend/src/screens/HomeScreen.tsx[39m:3:28
[33m  18 |  import { useEffect, useState } from "react";
  19 |  import { CircleMenu } from "../components/CircleMenu";
  20 |  import { useNavigate } from "react-router-dom";
     |                               ^
  21 |  import {
  22 |    getSkyCheckStatus,[39m
[2m19:53:47[22m [31m[1m[vite][22m[39m [31mInternal server error: Failed to resolve import "react-router-dom" from "src/screens/HomeScreen.tsx". Does the file exist?[39m
  Plugin: [35mvite:import-analysis[39m
  File: [36mD:/Git作業/ceres-app-starline/frontend/src/screens/HomeScreen.tsx[39m:3:28
[33m  18 |  import { useEffect, useState } from "react";
  19 |  import { CircleMenu } from "../components/CircleMenu";
  20 |  import { useNavigate } from "react-router-dom";
     |                               ^
  21 |  import {
  22 |    getSkyCheckStatus,[39m
      at TransformPluginContext._formatLog (file:///D:/Git%E4%BD%9C%E6%A5%AD/ceres-app-starline/frontend/node_modules/vite/dist/node/chunks/dep-Dq2t6Dq0.js:42553:41)
      at TransformPluginContext.error (file:///D:/Git%E4%BD%9C%E6%A5%AD/ceres-app-starline/frontend/node_modules/vite/dist/node/chunks/dep-Dq2t6Dq0.js:42550:16)
      at normalizeUrl (file:///D:/Git%E4%BD%9C%E6%A5%AD/ceres-app-starline/frontend/node_modules/vite/dist/node/chunks/dep-Dq2t6Dq0.js:40529:23)
      at process.processTicksAndRejections (node:internal/process/task_queues:104:5)
      at async file:///D:/Git%E4%BD%9C%E6%A5%AD/ceres-app-starline/frontend/node_modules/vite/dist/node/chunks/dep-Dq2t6Dq0.js:40648:37
      at async Promise.all (index 5)
      at async TransformPluginContext.transform (file:///D:/Git%E4%BD%9C%E6%A5%AD/ceres-app-starline/frontend/node_modules/vite/dist/node/chunks/dep-Dq2t6Dq0.js:40575:7)
      at async EnvironmentPluginContainer.transform (file:///D:/Git%E4%BD%9C%E6%A5%AD/ceres-app-starline/frontend/node_modules/vite/dist/node/chunks/dep-Dq2t6Dq0.js:42348:18)
      at async loadAndTransform (file:///D:/Git%E4%BD%9C%E6%A5%AD/ceres-app-starline/frontend/node_modules/vite/dist/node/chunks/dep-Dq2t6Dq0.js:35740:27)
      at async viteTransformMiddleware (file:///D:/Git%E4%BD%9C%E6%A5%AD/ceres-app-starline/frontend/node_modules/vite/dist/node/chunks/dep-Dq2t6Dq0.js:37264:24)
[2m19:53:54[22m [31m[1m[vite][22m[39m [31mInternal server error: Failed to resolve import "react-router-dom" from "src/screens/HomeScreen.tsx". Does the file exist?[39m
  Plugin: [35mvite:import-analysis[39m
  File: [36mD:/Git作業/ceres-app-starline/frontend/src/screens/HomeScreen.tsx[39m:3:28
[33m  18 |  import { useEffect, useState } from "react";
  19 |  import { CircleMenu } from "../components/CircleMenu";
  20 |  import { useNavigate } from "react-router-dom";
     |                               ^
  21 |  import {
  22 |    getSkyCheckStatus,[39m
      at TransformPluginContext._formatLog (file:///D:/Git%E4%BD%9C%E6%A5%AD/ceres-app-starline/frontend/node_modules/vite/dist/node/chunks/dep-Dq2t6Dq0.js:42553:41)
      at TransformPluginContext.error (file:///D:/Git%E4%BD%9C%E6%A5%AD/ceres-app-starline/frontend/node_modules/vite/dist/node/chunks/dep-Dq2t6Dq0.js:42550:16)
      at normalizeUrl (file:///D:/Git%E4%BD%9C%E6%A5%AD/ceres-app-starline/frontend/node_modules/vite/dist/node/chunks/dep-Dq2t6Dq0.js:40529:23)
      at process.processTicksAndRejections (node:internal/process/task_queues:104:5)
      at async file:///D:/Git%E4%BD%9C%E6%A5%AD/ceres-app-starline/frontend/node_modules/vite/dist/node/chunks/dep-Dq2t6Dq0.js:40648:37
      at async Promise.all (index 5)
      at async TransformPluginContext.transform (file:///D:/Git%E4%BD%9C%E6%A5%AD/ceres-app-starline/frontend/node_modules/vite/dist/node/chunks/dep-Dq2t6Dq0.js:40575:7)
      at async EnvironmentPluginContainer.transform (file:///D:/Git%E4%BD%9C%E6%A5%AD/ceres-app-starline/frontend/node_modules/vite/dist/node/chunks/dep-Dq2t6Dq0.js:42348:18)
      at async loadAndTransform (file:///D:/Git%E4%BD%9C%E6%A5%AD/ceres-app-starline/frontend/node_modules/vite/dist/node/chunks/dep-Dq2t6Dq0.js:35740:27)
      at async viteTransformMiddleware (file:///D:/Git%E4%BD%9C%E6%A5%AD/ceres-app-starline/frontend/node_modules/vite/dist/node/chunks/dep-Dq2t6Dq0.js:37264:24)
[2m19:53:56[22m [31m[1m[vite][22m[39m [31mInternal server error: Failed to resolve import "react-router-dom" from "src/screens/HomeScreen.tsx". Does the file exist?[39m
  Plugin: [35mvite:import-analysis[39m
  File: [36mD:/Git作業/ceres-app-starline/frontend/src/screens/HomeScreen.tsx[39m:3:28
[33m  18 |  import { useEffect, useState } from "react";
  19 |  import { CircleMenu } from "../components/CircleMenu";
  20 |  import { useNavigate } from "react-router-dom";
     |                               ^
  21 |  import {
  22 |    getSkyCheckStatus,[39m
      at TransformPluginContext._formatLog (file:///D:/Git%E4%BD%9C%E6%A5%AD/ceres-app-starline/frontend/node_modules/vite/dist/node/chunks/dep-Dq2t6Dq0.js:42553:41)
      at TransformPluginContext.error (file:///D:/Git%E4%BD%9C%E6%A5%AD/ceres-app-starline/frontend/node_modules/vite/dist/node/chunks/dep-Dq2t6Dq0.js:42550:16)
      at normalizeUrl (file:///D:/Git%E4%BD%9C%E6%A5%AD/ceres-app-starline/frontend/node_modules/vite/dist/node/chunks/dep-Dq2t6Dq0.js:40529:23)
      at process.processTicksAndRejections (node:internal/process/task_queues:104:5)
      at async file:///D:/Git%E4%BD%9C%E6%A5%AD/ceres-app-starline/frontend/node_modules/vite/dist/node/chunks/dep-Dq2t6Dq0.js:40648:37
      at async Promise.all (index 5)
      at async TransformPluginContext.transform (file:///D:/Git%E4%BD%9C%E6%A5%AD/ceres-app-starline/frontend/node_modules/vite/dist/node/chunks/dep-Dq2t6Dq0.js:40575:7)
      at async EnvironmentPluginContainer.transform (file:///D:/Git%E4%BD%9C%E6%A5%AD/ceres-app-starline/frontend/node_modules/vite/dist/node/chunks/dep-Dq2t6Dq0.js:42348:18)
      at async loadAndTransform (file:///D:/Git%E4%BD%9C%E6%A5%AD/ceres-app-starline/frontend/node_modules/vite/dist/node/chunks/dep-Dq2t6Dq0.js:35740:27)
      at async viteTransformMiddleware (file:///D:/Git%E4%BD%9C%E6%A5%AD/ceres-app-starline/frontend/node_modules/vite/dist/node/chunks/dep-Dq2t6Dq0.js:37264:24)
[2m19:54:02[22m [31m[1m[vite][22m[39m [31m[2m(client)[22m[39m Pre-transform error: Failed to resolve import "react-router-dom" from "src/screens/HomeScreen.tsx". Does the file exist?
  Plugin: [35mvite:import-analysis[39m
  File: [36mD:/Git作業/ceres-app-starline/frontend/src/screens/HomeScreen.tsx[39m:3:28
[33m  18 |  import { useEffect, useState } from "react";
  19 |  import { CircleMenu } from "../components/CircleMenu";
  20 |  import { useNavigate } from "react-router-dom";
     |                               ^
  21 |  import {
  22 |    getSkyCheckStatus,[39m
[2m19:54:02[22m [31m[1m[vite][22m[39m [31mInternal server error: Failed to resolve import "react-router-dom" from "src/screens/HomeScreen.tsx". Does the file exist?[39m
  Plugin: [35mvite:import-analysis[39m
  File: [36mD:/Git作業/ceres-app-starline/frontend/src/screens/HomeScreen.tsx[39m:3:28
[33m  18 |  import { useEffect, useState } from "react";
  19 |  import { CircleMenu } from "../components/CircleMenu";
  20 |  import { useNavigate } from "react-router-dom";
     |                               ^
  21 |  import {
  22 |    getSkyCheckStatus,[39m
      at TransformPluginContext._formatLog (file:///D:/Git%E4%BD%9C%E6%A5%AD/ceres-app-starline/frontend/node_modules/vite/dist/node/chunks/dep-Dq2t6Dq0.js:42553:41)
      at TransformPluginContext.error (file:///D:/Git%E4%BD%9C%E6%A5%AD/ceres-app-starline/frontend/node_modules/vite/dist/node/chunks/dep-Dq2t6Dq0.js:42550:16)
      at normalizeUrl (file:///D:/Git%E4%BD%9C%E6%A5%AD/ceres-app-starline/frontend/node_modules/vite/dist/node/chunks/dep-Dq2t6Dq0.js:40529:23)
      at process.processTicksAndRejections (node:internal/process/task_queues:104:5)
      at async file:///D:/Git%E4%BD%9C%E6%A5%AD/ceres-app-starline/frontend/node_modules/vite/dist/node/chunks/dep-Dq2t6Dq0.js:40648:37
      at async Promise.all (index 5)
      at async TransformPluginContext.transform (file:///D:/Git%E4%BD%9C%E6%A5%AD/ceres-app-starline/frontend/node_modules/vite/dist/node/chunks/dep-Dq2t6Dq0.js:40575:7)
      at async EnvironmentPluginContainer.transform (file:///D:/Git%E4%BD%9C%E6%A5%AD/ceres-app-starline/frontend/node_modules/vite/dist/node/chunks/dep-Dq2t6Dq0.js:42348:18)
      at async loadAndTransform (file:///D:/Git%E4%BD%9C%E6%A5%AD/ceres-app-starline/frontend/node_modules/vite/dist/node/chunks/dep-Dq2t6Dq0.js:35740:27)
      at async viteTransformMiddleware (file:///D:/Git%E4%BD%9C%E6%A5%AD/ceres-app-starline/frontend/node_modules/vite/dist/node/chunks/dep-Dq2t6Dq0.js:37264:24)
